[Fri Sep 05 21:04:24.790128 2025] [ssl:warn] [pid 7992:tid 472] AH01909: matrixapi.io:443:0 server certificate does NOT include an ID which matches the server name
[Fri Sep 05 21:04:24.888060 2025] [ssl:warn] [pid 7992:tid 472] AH01909: matrixapi.io:443:0 server certificate does NOT include an ID which matches the server name
[Fri Sep 05 21:04:25.457430 2025] [ssl:warn] [pid 7424:tid 472] AH01909: matrixapi.io:443:0 server certificate does NOT include an ID which matches the server name
[Fri Sep 05 21:04:25.521360 2025] [ssl:warn] [pid 7424:tid 472] AH01909: matrixapi.io:443:0 server certificate does NOT include an ID which matches the server name
[Fri Sep 05 21:14:29.077174 2025] [ssl:warn] [pid 5704:tid 496] AH01909: matrixapi.io:443:0 server certificate does NOT include an ID which matches the server name
[Fri Sep 05 21:14:29.152042 2025] [ssl:warn] [pid 5704:tid 496] AH01909: matrixapi.io:443:0 server certificate does NOT include an ID which matches the server name
[Fri Sep 05 21:14:29.773104 2025] [ssl:warn] [pid 6464:tid 468] AH01909: matrixapi.io:443:0 server certificate does NOT include an ID which matches the server name
[Fri Sep 05 21:14:29.847069 2025] [ssl:warn] [pid 6464:tid 468] AH01909: matrixapi.io:443:0 server certificate does NOT include an ID which matches the server name
[Sat Sep 06 15:08:26.202514 2025] [ssl:warn] [pid 10764:tid 464] AH01909: matrixapi.io:443:0 server certificate does NOT include an ID which matches the server name
[Sat Sep 06 15:08:26.306645 2025] [ssl:warn] [pid 10764:tid 464] AH01909: matrixapi.io:443:0 server certificate does NOT include an ID which matches the server name
[Sat Sep 06 15:08:28.455208 2025] [ssl:warn] [pid 16036:tid 472] AH01909: matrixapi.io:443:0 server certificate does NOT include an ID which matches the server name
[Sat Sep 06 15:08:28.525682 2025] [ssl:warn] [pid 16036:tid 472] AH01909: matrixapi.io:443:0 server certificate does NOT include an ID which matches the server name
[Sat Sep 06 17:07:23.293631 2025] [ssl:warn] [pid 19264:tid 444] AH01909: matrixapi.io:443:0 server certificate does NOT include an ID which matches the server name
[Sat Sep 06 17:07:23.423874 2025] [ssl:warn] [pid 19264:tid 444] AH01909: matrixapi.io:443:0 server certificate does NOT include an ID which matches the server name
[Sat Sep 06 17:07:24.121590 2025] [ssl:warn] [pid 19328:tid 448] AH01909: matrixapi.io:443:0 server certificate does NOT include an ID which matches the server name
[Sat Sep 06 17:07:24.195768 2025] [ssl:warn] [pid 19328:tid 448] AH01909: matrixapi.io:443:0 server certificate does NOT include an ID which matches the server name
[Sat Sep 06 17:33:28.057186 2025] [php:warn] [pid 19328:tid 1952] [client 127.0.0.1:65391] PHP Warning:  include(../config.php): Failed to open stream: No such file or directory in E:\\matrix\\matrixapi.io\\actions\\auth.php on line 4
[Sat Sep 06 17:33:28.057186 2025] [php:warn] [pid 19328:tid 1952] [client 127.0.0.1:65391] PHP Warning:  include(): Failed opening '../config.php' for inclusion (include_path='E:\\xampp\\php\\PEAR') in E:\\matrix\\matrixapi.io\\actions\\auth.php on line 4
[Sat Sep 06 21:57:42.561097 2025] [php:warn] [pid 19328:tid 1956] [client 127.0.0.1:54635] PHP Warning:  include(../config.php): Failed to open stream: No such file or directory in E:\\matrix\\matrixapi.io\\dbms\\migrations.php on line 2
[Sat Sep 06 21:57:42.561097 2025] [php:warn] [pid 19328:tid 1956] [client 127.0.0.1:54635] PHP Warning:  include(): Failed opening '../config.php' for inclusion (include_path='E:\\xampp\\php\\PEAR') in E:\\matrix\\matrixapi.io\\dbms\\migrations.php on line 2
[Sat Sep 06 21:57:42.562089 2025] [php:error] [pid 19328:tid 1956] [client 127.0.0.1:54635] PHP Fatal error:  Uncaught Error: Call to undefined function createOrUpdateTable() in E:\\matrix\\matrixapi.io\\dbms\\migrations.php:32\nStack trace:\n#0 E:\\matrix\\matrixapi.io\\router.php(75): include_once()\n#1 E:\\matrix\\matrixapi.io\\router.php(12): route('/migrate', 'dbms/migrations...')\n#2 E:\\matrix\\matrixapi.io\\routes.php(8): get('/migrate', 'dbms/migrations...')\n#3 {main}\n  thrown in E:\\matrix\\matrixapi.io\\dbms\\migrations.php on line 32
[Sun Sep 07 09:05:21.887077 2025] [ssl:warn] [pid 15264:tid 480] AH01909: matrixapi.io:443:0 server certificate does NOT include an ID which matches the server name
[Sun Sep 07 09:05:22.021092 2025] [ssl:warn] [pid 15264:tid 480] AH01909: matrixapi.io:443:0 server certificate does NOT include an ID which matches the server name
[Sun Sep 07 09:05:23.707806 2025] [ssl:warn] [pid 17052:tid 448] AH01909: matrixapi.io:443:0 server certificate does NOT include an ID which matches the server name
[Sun Sep 07 09:05:23.769093 2025] [ssl:warn] [pid 17052:tid 448] AH01909: matrixapi.io:443:0 server certificate does NOT include an ID which matches the server name
[Sun Sep 07 14:21:50.509194 2025] [ssl:warn] [pid 17336:tid 444] AH01909: matrixapi.io:443:0 server certificate does NOT include an ID which matches the server name
[Sun Sep 07 14:21:50.610937 2025] [ssl:warn] [pid 17336:tid 444] AH01909: matrixapi.io:443:0 server certificate does NOT include an ID which matches the server name
[Sun Sep 07 14:21:54.021985 2025] [ssl:warn] [pid 2416:tid 456] AH01909: matrixapi.io:443:0 server certificate does NOT include an ID which matches the server name
[Sun Sep 07 14:21:54.130096 2025] [ssl:warn] [pid 2416:tid 456] AH01909: matrixapi.io:443:0 server certificate does NOT include an ID which matches the server name
[Sat Sep 13 16:36:53.563678 2025] [ssl:warn] [pid 13868:tid 476] AH01909: matrixapi.io:443:0 server certificate does NOT include an ID which matches the server name
[Sat Sep 13 16:36:53.657135 2025] [ssl:warn] [pid 13868:tid 476] AH01909: matrixapi.io:443:0 server certificate does NOT include an ID which matches the server name
[Sat Sep 13 16:36:55.536818 2025] [ssl:warn] [pid 12124:tid 440] AH01909: matrixapi.io:443:0 server certificate does NOT include an ID which matches the server name
[Sat Sep 13 16:36:55.623396 2025] [ssl:warn] [pid 12124:tid 440] AH01909: matrixapi.io:443:0 server certificate does NOT include an ID which matches the server name
[Sat Sep 13 18:50:23.032422 2025] [php:error] [pid 12124:tid 1944] [client 127.0.0.1:56745] PHP Fatal error:  Uncaught Error: Call to undefined method Medoo\\Medoo::error() in E:\\matrix\\matrixapi.io\\actions\\auth.php:256\nStack trace:\n#0 E:\\matrix\\matrixapi.io\\actions\\auth.php(30): setPin(Array, Object(Medoo\\Medoo))\n#1 E:\\matrix\\matrixapi.io\\actions\\action.php(29): include('E:\\\\matrix\\\\matri...')\n#2 E:\\matrix\\matrixapi.io\\router.php(75): include_once('E:\\\\matrix\\\\matri...')\n#3 E:\\matrix\\matrixapi.io\\router.php(18): route('/api/v1/action', 'actions/action....')\n#4 E:\\matrix\\matrixapi.io\\routes.php(7): post('/api/v1/action', 'actions/action....')\n#5 {main}\n  thrown in E:\\matrix\\matrixapi.io\\actions\\auth.php on line 256
[Sat Sep 13 18:51:09.551532 2025] [php:error] [pid 12124:tid 1944] [client 127.0.0.1:56752] PHP Fatal error:  Uncaught Error: Call to undefined method Medoo\\Medoo::errorInfo() in E:\\matrix\\matrixapi.io\\actions\\auth.php:256\nStack trace:\n#0 E:\\matrix\\matrixapi.io\\actions\\auth.php(30): setPin(Array, Object(Medoo\\Medoo))\n#1 E:\\matrix\\matrixapi.io\\actions\\action.php(29): include('E:\\\\matrix\\\\matri...')\n#2 E:\\matrix\\matrixapi.io\\router.php(75): include_once('E:\\\\matrix\\\\matri...')\n#3 E:\\matrix\\matrixapi.io\\router.php(18): route('/api/v1/action', 'actions/action....')\n#4 E:\\matrix\\matrixapi.io\\routes.php(7): post('/api/v1/action', 'actions/action....')\n#5 {main}\n  thrown in E:\\matrix\\matrixapi.io\\actions\\auth.php on line 256
[Sat Sep 13 18:51:36.016986 2025] [php:error] [pid 12124:tid 1944] [client 127.0.0.1:63652] PHP Fatal error:  Uncaught Error: Call to undefined method Medoo\\Medoo::errorInfo() in E:\\matrix\\matrixapi.io\\actions\\auth.php:257\nStack trace:\n#0 E:\\matrix\\matrixapi.io\\actions\\auth.php(30): setPin(Array, Object(Medoo\\Medoo))\n#1 E:\\matrix\\matrixapi.io\\actions\\action.php(29): include('E:\\\\matrix\\\\matri...')\n#2 E:\\matrix\\matrixapi.io\\router.php(75): include_once('E:\\\\matrix\\\\matri...')\n#3 E:\\matrix\\matrixapi.io\\router.php(18): route('/api/v1/action', 'actions/action....')\n#4 E:\\matrix\\matrixapi.io\\routes.php(7): post('/api/v1/action', 'actions/action....')\n#5 {main}\n  thrown in E:\\matrix\\matrixapi.io\\actions\\auth.php on line 257
[Sun Sep 14 10:02:23.500443 2025] [ssl:warn] [pid 3312:tid 444] AH01909: matrixapi.io:443:0 server certificate does NOT include an ID which matches the server name
[Sun Sep 14 10:02:23.624587 2025] [ssl:warn] [pid 3312:tid 444] AH01909: matrixapi.io:443:0 server certificate does NOT include an ID which matches the server name
[Sun Sep 14 10:02:26.620523 2025] [ssl:warn] [pid 15928:tid 440] AH01909: matrixapi.io:443:0 server certificate does NOT include an ID which matches the server name
[Sun Sep 14 10:02:26.716263 2025] [ssl:warn] [pid 15928:tid 440] AH01909: matrixapi.io:443:0 server certificate does NOT include an ID which matches the server name
[Mon Sep 15 05:07:47.746042 2025] [ssl:warn] [pid 10468:tid 456] AH01909: matrixapi.io:443:0 server certificate does NOT include an ID which matches the server name
[Mon Sep 15 05:07:47.834722 2025] [ssl:warn] [pid 10468:tid 456] AH01909: matrixapi.io:443:0 server certificate does NOT include an ID which matches the server name
[Mon Sep 15 05:07:49.770558 2025] [ssl:warn] [pid 6796:tid 452] AH01909: matrixapi.io:443:0 server certificate does NOT include an ID which matches the server name
[Mon Sep 15 05:07:49.854516 2025] [ssl:warn] [pid 6796:tid 452] AH01909: matrixapi.io:443:0 server certificate does NOT include an ID which matches the server name
[Tue Sep 16 22:53:34.469538 2025] [ssl:warn] [pid 7432:tid 444] AH01909: matrixapi.io:443:0 server certificate does NOT include an ID which matches the server name
[Tue Sep 16 22:53:34.594788 2025] [ssl:warn] [pid 7432:tid 444] AH01909: matrixapi.io:443:0 server certificate does NOT include an ID which matches the server name
[Tue Sep 16 22:53:38.172210 2025] [ssl:warn] [pid 5188:tid 440] AH01909: matrixapi.io:443:0 server certificate does NOT include an ID which matches the server name
[Tue Sep 16 22:53:38.293623 2025] [ssl:warn] [pid 5188:tid 440] AH01909: matrixapi.io:443:0 server certificate does NOT include an ID which matches the server name
[Sat Sep 20 20:45:08.703438 2025] [ssl:warn] [pid 12316:tid 448] AH01909: matrixapi.io:443:0 server certificate does NOT include an ID which matches the server name
[Sat Sep 20 20:45:08.798770 2025] [ssl:warn] [pid 12316:tid 448] AH01909: matrixapi.io:443:0 server certificate does NOT include an ID which matches the server name
[Sat Sep 20 20:45:11.474608 2025] [ssl:warn] [pid 15308:tid 440] AH01909: matrixapi.io:443:0 server certificate does NOT include an ID which matches the server name
[Sat Sep 20 20:45:11.559809 2025] [ssl:warn] [pid 15308:tid 440] AH01909: matrixapi.io:443:0 server certificate does NOT include an ID which matches the server name
[Sun Sep 21 08:06:53.546842 2025] [ssl:warn] [pid 14712:tid 448] AH01909: matrixapi.io:443:0 server certificate does NOT include an ID which matches the server name
[Sun Sep 21 08:06:53.688679 2025] [ssl:warn] [pid 14712:tid 448] AH01909: matrixapi.io:443:0 server certificate does NOT include an ID which matches the server name
[Sun Sep 21 08:06:55.226907 2025] [ssl:warn] [pid 8028:tid 448] AH01909: matrixapi.io:443:0 server certificate does NOT include an ID which matches the server name
[Sun Sep 21 08:06:55.291183 2025] [ssl:warn] [pid 8028:tid 448] AH01909: matrixapi.io:443:0 server certificate does NOT include an ID which matches the server name
[Sun Sep 21 18:42:04.492290 2025] [ssl:warn] [pid 3396:tid 460] AH01909: matrixapi.io:443:0 server certificate does NOT include an ID which matches the server name
[Sun Sep 21 18:42:04.647908 2025] [ssl:warn] [pid 3396:tid 460] AH01909: matrixapi.io:443:0 server certificate does NOT include an ID which matches the server name
[Sun Sep 21 18:42:06.486341 2025] [ssl:warn] [pid 8820:tid 440] AH01909: matrixapi.io:443:0 server certificate does NOT include an ID which matches the server name
[Sun Sep 21 18:42:06.559842 2025] [ssl:warn] [pid 8820:tid 440] AH01909: matrixapi.io:443:0 server certificate does NOT include an ID which matches the server name
[Sun Sep 21 20:08:31.734734 2025] [php:error] [pid 8820:tid 1940] [client 127.0.0.1:59518] PHP Fatal error:  Uncaught PDOException: SQLSTATE[HY000] [2002] No connection could be made because the target machine actively refused it in E:\\matrix\\matrixapi.io\\vendor\\catfan\\medoo\\src\\Medoo.php:478\nStack trace:\n#0 E:\\matrix\\matrixapi.io\\config.php(13): Medoo\\Medoo->__construct(Array)\n#1 E:\\matrix\\matrixapi.io\\actions\\action.php(2): include('E:\\\\matrix\\\\matri...')\n#2 E:\\matrix\\matrixapi.io\\router.php(75): include_once('E:\\\\matrix\\\\matri...')\n#3 E:\\matrix\\matrixapi.io\\router.php(18): route('/api/v1/action', 'actions/action....')\n#4 E:\\matrix\\matrixapi.io\\routes.php(7): post('/api/v1/action', 'actions/action....')\n#5 {main}\n  thrown in E:\\matrix\\matrixapi.io\\vendor\\catfan\\medoo\\src\\Medoo.php on line 478
[Sun Sep 21 20:08:45.939783 2025] [php:error] [pid 8820:tid 1940] [client 127.0.0.1:62902] PHP Fatal error:  Uncaught PDOException: SQLSTATE[HY000] [2006] MySQL server has gone away in E:\\matrix\\matrixapi.io\\vendor\\catfan\\medoo\\src\\Medoo.php:478\nStack trace:\n#0 E:\\matrix\\matrixapi.io\\config.php(13): Medoo\\Medoo->__construct(Array)\n#1 E:\\matrix\\matrixapi.io\\actions\\action.php(2): include('E:\\\\matrix\\\\matri...')\n#2 E:\\matrix\\matrixapi.io\\router.php(75): include_once('E:\\\\matrix\\\\matri...')\n#3 E:\\matrix\\matrixapi.io\\router.php(18): route('/api/v1/action', 'actions/action....')\n#4 E:\\matrix\\matrixapi.io\\routes.php(7): post('/api/v1/action', 'actions/action....')\n#5 {main}\n  thrown in E:\\matrix\\matrixapi.io\\vendor\\catfan\\medoo\\src\\Medoo.php on line 478
[Sun Sep 21 23:06:07.474258 2025] [ssl:warn] [pid 7116:tid 468] AH01909: matrixapi.io:443:0 server certificate does NOT include an ID which matches the server name
[Sun Sep 21 23:06:07.639686 2025] [ssl:warn] [pid 7116:tid 468] AH01909: matrixapi.io:443:0 server certificate does NOT include an ID which matches the server name
[Sun Sep 21 23:06:10.239019 2025] [ssl:warn] [pid 3512:tid 440] AH01909: matrixapi.io:443:0 server certificate does NOT include an ID which matches the server name
[Sun Sep 21 23:06:10.377211 2025] [ssl:warn] [pid 3512:tid 440] AH01909: matrixapi.io:443:0 server certificate does NOT include an ID which matches the server name
[Tue Sep 23 18:21:41.373074 2025] [ssl:warn] [pid 17432:tid 448] AH01909: matrixapi.io:443:0 server certificate does NOT include an ID which matches the server name
[Tue Sep 23 18:21:41.515044 2025] [ssl:warn] [pid 17432:tid 448] AH01909: matrixapi.io:443:0 server certificate does NOT include an ID which matches the server name
[Tue Sep 23 18:21:44.141966 2025] [ssl:warn] [pid 14612:tid 440] AH01909: matrixapi.io:443:0 server certificate does NOT include an ID which matches the server name
[Tue Sep 23 18:21:44.215635 2025] [ssl:warn] [pid 14612:tid 440] AH01909: matrixapi.io:443:0 server certificate does NOT include an ID which matches the server name
[Fri Sep 26 21:58:01.162286 2025] [ssl:warn] [pid 4008:tid 460] AH01909: matrixapi.io:443:0 server certificate does NOT include an ID which matches the server name
[Fri Sep 26 21:58:01.329011 2025] [ssl:warn] [pid 4008:tid 460] AH01909: matrixapi.io:443:0 server certificate does NOT include an ID which matches the server name
[Fri Sep 26 21:58:03.653858 2025] [ssl:warn] [pid 11124:tid 444] AH01909: matrixapi.io:443:0 server certificate does NOT include an ID which matches the server name
[Fri Sep 26 21:58:03.736209 2025] [ssl:warn] [pid 11124:tid 444] AH01909: matrixapi.io:443:0 server certificate does NOT include an ID which matches the server name
[Sat Sep 27 07:24:48.345575 2025] [ssl:warn] [pid 17896:tid 456] AH01909: matrixapi.io:443:0 server certificate does NOT include an ID which matches the server name
[Sat Sep 27 07:24:48.416379 2025] [ssl:warn] [pid 17896:tid 456] AH01909: matrixapi.io:443:0 server certificate does NOT include an ID which matches the server name
[Sat Sep 27 07:24:49.357540 2025] [ssl:warn] [pid 18608:tid 468] AH01909: matrixapi.io:443:0 server certificate does NOT include an ID which matches the server name
[Sat Sep 27 07:24:49.407200 2025] [ssl:warn] [pid 18608:tid 468] AH01909: matrixapi.io:443:0 server certificate does NOT include an ID which matches the server name
[Sun Sep 28 10:21:35.418439 2025] [ssl:warn] [pid 2420:tid 448] AH01909: matrixapi.io:443:0 server certificate does NOT include an ID which matches the server name
[Sun Sep 28 10:21:35.515180 2025] [ssl:warn] [pid 2420:tid 448] AH01909: matrixapi.io:443:0 server certificate does NOT include an ID which matches the server name
[Sun Sep 28 10:21:36.949705 2025] [ssl:warn] [pid 13320:tid 444] AH01909: matrixapi.io:443:0 server certificate does NOT include an ID which matches the server name
[Sun Sep 28 10:21:37.035343 2025] [ssl:warn] [pid 13320:tid 444] AH01909: matrixapi.io:443:0 server certificate does NOT include an ID which matches the server name
[Wed Oct 01 20:39:46.191041 2025] [ssl:warn] [pid 5564:tid 484] AH01909: matrixapi.io:443:0 server certificate does NOT include an ID which matches the server name
[Wed Oct 01 20:39:46.270933 2025] [ssl:warn] [pid 5564:tid 484] AH01909: matrixapi.io:443:0 server certificate does NOT include an ID which matches the server name
[Wed Oct 01 20:39:47.377735 2025] [ssl:warn] [pid 4792:tid 452] AH01909: matrixapi.io:443:0 server certificate does NOT include an ID which matches the server name
[Wed Oct 01 20:39:47.432906 2025] [ssl:warn] [pid 4792:tid 452] AH01909: matrixapi.io:443:0 server certificate does NOT include an ID which matches the server name
[Thu Oct 02 10:16:44.442134 2025] [ssl:warn] [pid 14920:tid 444] AH01909: matrixapi.io:443:0 server certificate does NOT include an ID which matches the server name
[Thu Oct 02 10:16:44.507412 2025] [ssl:warn] [pid 14920:tid 444] AH01909: matrixapi.io:443:0 server certificate does NOT include an ID which matches the server name
[Thu Oct 02 10:16:45.645197 2025] [ssl:warn] [pid 12428:tid 452] AH01909: matrixapi.io:443:0 server certificate does NOT include an ID which matches the server name
[Thu Oct 02 10:16:45.695068 2025] [ssl:warn] [pid 12428:tid 452] AH01909: matrixapi.io:443:0 server certificate does NOT include an ID which matches the server name
[Fri Oct 03 00:08:10.855979 2025] [ssl:warn] [pid 3452:tid 476] AH01909: matrixapi.io:443:0 server certificate does NOT include an ID which matches the server name
[Fri Oct 03 00:08:10.964538 2025] [ssl:warn] [pid 3452:tid 476] AH01909: matrixapi.io:443:0 server certificate does NOT include an ID which matches the server name
[Fri Oct 03 00:08:12.570624 2025] [ssl:warn] [pid 4012:tid 444] AH01909: matrixapi.io:443:0 server certificate does NOT include an ID which matches the server name
[Fri Oct 03 00:08:12.634326 2025] [ssl:warn] [pid 4012:tid 444] AH01909: matrixapi.io:443:0 server certificate does NOT include an ID which matches the server name
[Wed Oct 08 21:43:19.245042 2025] [ssl:warn] [pid 10864:tid 444] AH01909: matrixapi.io:443:0 server certificate does NOT include an ID which matches the server name
[Wed Oct 08 21:43:19.349477 2025] [ssl:warn] [pid 10864:tid 444] AH01909: matrixapi.io:443:0 server certificate does NOT include an ID which matches the server name
[Wed Oct 08 21:43:21.318785 2025] [ssl:warn] [pid 8108:tid 432] AH01909: matrixapi.io:443:0 server certificate does NOT include an ID which matches the server name
[Wed Oct 08 21:43:21.404715 2025] [ssl:warn] [pid 8108:tid 432] AH01909: matrixapi.io:443:0 server certificate does NOT include an ID which matches the server name
[Fri Oct 10 16:03:14.920966 2025] [ssl:warn] [pid 5788:tid 452] AH01909: matrixapi.io:443:0 server certificate does NOT include an ID which matches the server name
[Fri Oct 10 16:03:15.025180 2025] [ssl:warn] [pid 5788:tid 452] AH01909: matrixapi.io:443:0 server certificate does NOT include an ID which matches the server name
[Fri Oct 10 16:03:16.447893 2025] [ssl:warn] [pid 1668:tid 452] AH01909: matrixapi.io:443:0 server certificate does NOT include an ID which matches the server name
[Fri Oct 10 16:03:16.497562 2025] [ssl:warn] [pid 1668:tid 452] AH01909: matrixapi.io:443:0 server certificate does NOT include an ID which matches the server name
[Sun Oct 12 05:44:32.486784 2025] [ssl:warn] [pid 13612:tid 464] AH01909: matrixapi.io:443:0 server certificate does NOT include an ID which matches the server name
[Sun Oct 12 05:44:32.557779 2025] [ssl:warn] [pid 13612:tid 464] AH01909: matrixapi.io:443:0 server certificate does NOT include an ID which matches the server name
[Sun Oct 12 05:44:34.341128 2025] [ssl:warn] [pid 13916:tid 444] AH01909: matrixapi.io:443:0 server certificate does NOT include an ID which matches the server name
[Sun Oct 12 05:44:34.413262 2025] [ssl:warn] [pid 13916:tid 444] AH01909: matrixapi.io:443:0 server certificate does NOT include an ID which matches the server name
[Sun Oct 12 16:12:31.756778 2025] [ssl:warn] [pid 12336:tid 448] AH01909: matrixapi.io:443:0 server certificate does NOT include an ID which matches the server name
[Sun Oct 12 16:12:31.822811 2025] [ssl:warn] [pid 12336:tid 448] AH01909: matrixapi.io:443:0 server certificate does NOT include an ID which matches the server name
[Sun Oct 12 16:12:33.030851 2025] [ssl:warn] [pid 4236:tid 440] AH01909: matrixapi.io:443:0 server certificate does NOT include an ID which matches the server name
[Sun Oct 12 16:12:33.084860 2025] [ssl:warn] [pid 4236:tid 440] AH01909: matrixapi.io:443:0 server certificate does NOT include an ID which matches the server name
[Mon Oct 13 23:30:45.719058 2025] [ssl:warn] [pid 11848:tid 452] AH01909: matrixapi.io:443:0 server certificate does NOT include an ID which matches the server name
[Mon Oct 13 23:30:45.859247 2025] [ssl:warn] [pid 11848:tid 452] AH01909: matrixapi.io:443:0 server certificate does NOT include an ID which matches the server name
[Mon Oct 13 23:30:48.510227 2025] [ssl:warn] [pid 3224:tid 440] AH01909: matrixapi.io:443:0 server certificate does NOT include an ID which matches the server name
[Mon Oct 13 23:30:48.600336 2025] [ssl:warn] [pid 3224:tid 440] AH01909: matrixapi.io:443:0 server certificate does NOT include an ID which matches the server name
[Wed Oct 15 20:19:18.002812 2025] [ssl:warn] [pid 15056:tid 448] AH01909: matrixapi.io:443:0 server certificate does NOT include an ID which matches the server name
[Wed Oct 15 20:19:18.094803 2025] [ssl:warn] [pid 15056:tid 448] AH01909: matrixapi.io:443:0 server certificate does NOT include an ID which matches the server name
[Wed Oct 15 20:19:20.214036 2025] [ssl:warn] [pid 6800:tid 440] AH01909: matrixapi.io:443:0 server certificate does NOT include an ID which matches the server name
[Wed Oct 15 20:19:20.353710 2025] [ssl:warn] [pid 6800:tid 440] AH01909: matrixapi.io:443:0 server certificate does NOT include an ID which matches the server name
[Wed Oct 15 20:20:32.001609 2025] [php:error] [pid 6800:tid 1944] [client 127.0.0.1:59033] PHP Fatal error:  Uncaught PDOException: SQLSTATE[HY000] [2002] No connection could be made because the target machine actively refused it in E:\\matrix\\matrixapi.io\\vendor\\catfan\\medoo\\src\\Medoo.php:478\nStack trace:\n#0 E:\\matrix\\matrixapi.io\\config.php(13): Medoo\\Medoo->__construct(Array)\n#1 E:\\matrix\\matrixapi.io\\actions\\action.php(2): include('E:\\\\matrix\\\\matri...')\n#2 E:\\matrix\\matrixapi.io\\router.php(75): include_once('E:\\\\matrix\\\\matri...')\n#3 E:\\matrix\\matrixapi.io\\router.php(18): route('/api/v1/action', 'actions/action....')\n#4 E:\\matrix\\matrixapi.io\\routes.php(7): post('/api/v1/action', 'actions/action....')\n#5 {main}\n  thrown in E:\\matrix\\matrixapi.io\\vendor\\catfan\\medoo\\src\\Medoo.php on line 478
[Wed Oct 15 20:20:47.569474 2025] [php:error] [pid 6800:tid 1944] [client 127.0.0.1:59036] PHP Fatal error:  Uncaught PDOException: SQLSTATE[HY000] [2002] No connection could be made because the target machine actively refused it in E:\\matrix\\matrixapi.io\\vendor\\catfan\\medoo\\src\\Medoo.php:478\nStack trace:\n#0 E:\\matrix\\matrixapi.io\\config.php(13): Medoo\\Medoo->__construct(Array)\n#1 E:\\matrix\\matrixapi.io\\actions\\action.php(2): include('E:\\\\matrix\\\\matri...')\n#2 E:\\matrix\\matrixapi.io\\router.php(75): include_once('E:\\\\matrix\\\\matri...')\n#3 E:\\matrix\\matrixapi.io\\router.php(18): route('/api/v1/action', 'actions/action....')\n#4 E:\\matrix\\matrixapi.io\\routes.php(7): post('/api/v1/action', 'actions/action....')\n#5 {main}\n  thrown in E:\\matrix\\matrixapi.io\\vendor\\catfan\\medoo\\src\\Medoo.php on line 478
[Sun Oct 19 14:31:34.039727 2025] [ssl:warn] [pid 63116:tid 180] AH01909: matrixapi.io:443:0 server certificate does NOT include an ID which matches the server name
[Sun Oct 19 14:31:34.148916 2025] [ssl:warn] [pid 63116:tid 180] AH01909: matrixapi.io:443:0 server certificate does NOT include an ID which matches the server name
[Sun Oct 19 14:31:35.912983 2025] [ssl:warn] [pid 75056:tid 440] AH01909: matrixapi.io:443:0 server certificate does NOT include an ID which matches the server name
[Sun Oct 19 14:31:35.974291 2025] [ssl:warn] [pid 75056:tid 440] AH01909: matrixapi.io:443:0 server certificate does NOT include an ID which matches the server name
